// Jest Snapshot v1, https://goo.gl/fbAQLP

exports[`Snackbar  should render correctly 1`] = `
<WithStyles(HvSnackbar)
  id="Snackbar"
>
  <HvSnackbar
    classes={
      Object {
        "anchorOriginBottomCenter": "HvSnackbar-anchorOriginBottomCenter-4",
        "anchorOriginBottomLeft": "HvSnackbar-anchorOriginBottomLeft-5",
        "anchorOriginBottomRight": "HvSnackbar-anchorOriginBottomRight-6",
        "anchorOriginTopCenter": "HvSnackbar-anchorOriginTopCenter-3",
        "anchorOriginTopLeft": "HvSnackbar-anchorOriginTopLeft-2",
        "anchorOriginTopRight": "HvSnackbar-anchorOriginTopRight-1",
      }
    }
    id="Snackbar"
  >
    <ForwardRef(Snackbar)
      TransitionComponent={[Function]}
      anchorOrigin={
        Object {
          "horizontal": "right",
          "vertical": "top",
        }
      }
      autoHideDuration={5000}
      classes={
        Object {
          "anchorOriginBottomCenter": "HvSnackbar-anchorOriginBottomCenter-4",
          "anchorOriginBottomLeft": "HvSnackbar-anchorOriginBottomLeft-5",
          "anchorOriginBottomRight": "HvSnackbar-anchorOriginBottomRight-6",
          "anchorOriginTopCenter": "HvSnackbar-anchorOriginTopCenter-3",
          "anchorOriginTopLeft": "HvSnackbar-anchorOriginTopLeft-2",
          "anchorOriginTopRight": "HvSnackbar-anchorOriginTopRight-1",
        }
      }
      id="Snackbar"
      open={false}
      style={
        Object {
          "top": "60px",
        }
      }
      transitionDuration={300}
    />
  </HvSnackbar>
</WithStyles(HvSnackbar)>
`;
