// Jest Snapshot v1, https://goo.gl/fbAQLP

exports[`Brand withStyles should be able to render 1`] = `
<WithStyles(Brand)>
  <Brand
    classes={
      Object {
        "root": "HvHeaderBrand-root",
        "separator": "HvHeaderBrand-separator",
      }
    }
  >
    <div
      className="HvHeaderBrand-root"
    />
  </Brand>
</WithStyles(Brand)>
`;
