// Jest Snapshot v1, https://goo.gl/fbAQLP

exports[`Banner  should render correctly 1`] = `
<WithStyles(HvBanner)
  id="banner"
  onClose={[Function]}
  open={false}
  variant="default"
>
  <HvBanner
    classes={
      Object {
        "anchorOriginBottomCenter": "HvBanner-anchorOriginBottomCenter-4",
        "anchorOriginTopCenter": "HvBanner-anchorOriginTopCenter-3",
        "root": "HvBanner-root-2",
        "rootClosed": "HvBanner-rootClosed-1",
      }
    }
    id="banner"
    onClose={[Function]}
    open={false}
    variant="default"
  >
    <ForwardRef(Snackbar)
      TransitionComponent={[Function]}
      anchorOrigin={
        Object {
          "horizontal": "center",
          "vertical": "top",
        }
      }
      classes={
        Object {
          "anchorOriginBottomCenter": "HvBanner-anchorOriginBottomCenter-4",
          "anchorOriginTopCenter": "HvBanner-anchorOriginTopCenter-3",
          "root": "HvBanner-rootClosed-1",
        }
      }
      id="banner"
      open={false}
      style={
        Object {
          "top": "60px",
        }
      }
      transitionDuration={300}
    />
  </HvBanner>
</WithStyles(HvBanner)>
`;
