// Jest Snapshot v1, https://goo.gl/fbAQLP

exports[`ModalContent Component should render correctly if opened 1`] = `
<WithStyles(ModalContent)>
  Modal Content
</WithStyles(ModalContent)>
`;

exports[`ModalContent withStyles should render correctly 1`] = `
<WithStyles(ModalContent)>
  Modal Content
</WithStyles(ModalContent)>
`;
