// Jest Snapshot v1, https://goo.gl/fbAQLP

exports[`Table Simple Table should be defined 1`] = `
<div>
  <div
    class="HvTableContainer-root"
  >
    <table
      class="HvTable-root"
    >
      <thead
        class="HvTableHead-root"
      >
        <tr
          class="HvTableRow-root HvTableRow-head"
        >
          <th
            class="HvTableCell-root HvTableCell-head"
          >
            Sample Header 0
          </th>
          <th
            class="HvTableCell-root HvTableCell-head"
          >
            Sample Header 1
          </th>
          <th
            class="HvTableCell-root HvTableCell-head"
          >
            Sample Header 2
          </th>
        </tr>
      </thead>
      <tbody
        class="HvTableBody-root"
      >
        <tr
          class="HvTableRow-root HvTableRow-body"
        >
          <td
            class="HvTableCell-root HvTableCell-body"
          >
            Sample Cell 0
          </td>
          <td
            class="HvTableCell-root HvTableCell-body"
          >
            Sample Cell 1
          </td>
          <td
            class="HvTableCell-root HvTableCell-body"
          >
            Sample Cell 2
          </td>
        </tr>
        <tr
          class="HvTableRow-root HvTableRow-body"
        >
          <td
            class="HvTableCell-root HvTableCell-body"
          >
            Sample Cell 0
          </td>
          <td
            class="HvTableCell-root HvTableCell-body"
          >
            Sample Cell 1
          </td>
          <td
            class="HvTableCell-root HvTableCell-body"
          >
            Sample Cell 2
          </td>
        </tr>
        <tr
          class="HvTableRow-root HvTableRow-body"
        >
          <td
            class="HvTableCell-root HvTableCell-body"
          >
            Sample Cell 0
          </td>
          <td
            class="HvTableCell-root HvTableCell-body"
          >
            Sample Cell 1
          </td>
          <td
            class="HvTableCell-root HvTableCell-body"
          >
            Sample Cell 2
          </td>
        </tr>
        <tr
          class="HvTableRow-root HvTableRow-body"
        >
          <td
            class="HvTableCell-root HvTableCell-body"
          >
            Sample Cell 0
          </td>
          <td
            class="HvTableCell-root HvTableCell-body"
          >
            Sample Cell 1
          </td>
          <td
            class="HvTableCell-root HvTableCell-body"
          >
            Sample Cell 2
          </td>
        </tr>
        <tr
          class="HvTableRow-root HvTableRow-body"
        >
          <td
            class="HvTableCell-root HvTableCell-body"
          >
            Sample Cell 0
          </td>
          <td
            class="HvTableCell-root HvTableCell-body"
          >
            Sample Cell 1
          </td>
          <td
            class="HvTableCell-root HvTableCell-body"
          >
            Sample Cell 2
          </td>
        </tr>
        <tr
          class="HvTableRow-root HvTableRow-body"
        >
          <td
            class="HvTableCell-root HvTableCell-body"
          >
            Sample Cell 0
          </td>
          <td
            class="HvTableCell-root HvTableCell-body"
          >
            Sample Cell 1
          </td>
          <td
            class="HvTableCell-root HvTableCell-body"
          >
            Sample Cell 2
          </td>
        </tr>
      </tbody>
    </table>
  </div>
</div>
`;
