// Jest Snapshot v1, https://goo.gl/fbAQLP

exports[`DialogContent withStyles should render correctly 1`] = `
<WithStyles(HvDialogTitle)>
  Dialog Content
</WithStyles(HvDialogTitle)>
`;

exports[`DialogTitle Component should render correctly if opened 1`] = `
<WithStyles(HvDialogTitle)>
  Dialog Content
</WithStyles(HvDialogTitle)>
`;
