// Jest Snapshot v1, https://goo.gl/fbAQLP

exports[`BaseDropDown Selection List Snapshot testing Selection List Container 1`] = `
<div>
  <div
    style="width: 121px;"
  >
    <div
      class="HvBaseDropdown-root-1"
    >
      <div
        aria-expanded="false"
        aria-label="Main sample"
        class="HvBaseDropdown-anchor-2"
        role="combobox"
        tabindex="-1"
      >
        <div
          aria-label="Main sample"
          class="HvBaseDropdown-header-6"
          role="textbox"
          tabindex="0"
        >
          <div
            class="HvBaseDropdown-selection-12"
          >
            <p
              class="HvBaseDropdown-placeholder-13 HvTypography-root-21 HvTypography-placeholderText-35 HvTypography-noWrap-42"
            >
              Placeholder...
            </p>
          </div>
          <div
            class="HvBaseDropdown-arrow-11 HvIconBase-root-43 HvIconBase-xs-44"
            name="DropDownXS"
          >
            <svg
              focusable="false"
              height="12"
              viewBox="0 0 12 12"
              width="12"
              xmlns="http://www.w3.org/2000/svg"
            >
              <path
                class="color0"
                d="M5.99994 8.65L1.4 4.05l.7-.7L6 7.25l3.9-3.9.7.7z"
                fill="#414141"
              />
            </svg>
          </div>
        </div>
      </div>
    </div>
  </div>
</div>
`;
