// Jest Snapshot v1, https://goo.gl/fbAQLP

exports[`Barchart should render correctly 1`] = `
<WithStyles(Barchart)
  data={
    Array [
      Object {
        "hoverinfo": "none",
        "name": "Sales Target",
        "type": "bar",
        "x": Array [
          "January",
          "February",
          "March",
        ],
        "y": Array [
          2300,
          1000,
          8500,
        ],
      },
    ]
  }
  subtitle="Sales performance (YTD)"
  title="Simple Vertical Bar Chart"
  xAxisTitle="Thousands of Dollars ($)"
  yAxisTitle="Axis description"
>
  <Barchart
    classes={Object {}}
    data={
      Array [
        Object {
          "hoverinfo": "none",
          "name": "Sales Target",
          "type": "bar",
          "x": Array [
            "January",
            "February",
            "March",
          ],
          "y": Array [
            2300,
            1000,
            8500,
          ],
        },
      ]
    }
    subtitle="Sales performance (YTD)"
    title="Simple Vertical Bar Chart"
    xAxisTitle="Thousands of Dollars ($)"
    yAxisTitle="Axis description"
  >
    <WithStyles(Chart)
      afterPlot={[Function]}
      classes={Object {}}
      data={
        Array [
          Object {
            "hoverinfo": "none",
            "name": "Sales Target",
            "type": "bar",
            "x": Array [
              "January",
              "February",
              "March",
            ],
            "y": Array [
              2300,
              1000,
              8500,
            ],
          },
        ]
      }
      layout={
        Object {
          "bargap": 0.25,
          "bargroupgap": 0.25,
        }
      }
      subtitle="Sales performance (YTD)"
      title="Simple Vertical Bar Chart"
      tooltipType="multiple"
      xAxisTitle="Thousands of Dollars ($)"
      yAxisTitle="Axis description"
    >
      <Chart
        afterPlot={[Function]}
        classes={
          Object {
            "defaultColors": "HvChart-defaultColors",
            "gridColor": "HvChart-gridColor",
            "lineColor": "HvChart-lineColor",
            "paddingTop": "HvChart-paddingTop",
            "plotColor": "HvChart-plotColor",
            "root": "HvChart-root",
            "subtitle": "HvChart-subtitle",
            "titleContainer": "HvChart-titleContainer",
            "vizText": "HvChart-vizText",
          }
        }
        data={
          Array [
            Object {
              "hoverinfo": "none",
              "name": "Sales Target",
              "type": "bar",
              "x": Array [
                "January",
                "February",
                "March",
              ],
              "y": Array [
                2300,
                1000,
                8500,
              ],
            },
          ]
        }
        layout={
          Object {
            "bargap": 0.25,
            "bargroupgap": 0.25,
          }
        }
        subtitle="Sales performance (YTD)"
        title="Simple Vertical Bar Chart"
        tooltipType="multiple"
        xAxisTitle="Thousands of Dollars ($)"
        yAxisTitle="Axis description"
      >
        <div
          className="HvChart-root"
        >
          <div
            className="HvChart-titleContainer"
          >
            <WithStyles(ForwardRef)
              variant="mTitle"
            >
              <ForwardRef
                classes={
                  Object {
                    "3xlTitle": "HvTypography-3xlTitle",
                    "4xlTitle": "HvTypography-4xlTitle",
                    "5xlTitle": "HvTypography-5xlTitle",
                    "disabledButtonText": "HvTypography-disabledButtonText",
                    "highlightText": "HvTypography-highlightText",
                    "infoText": "HvTypography-infoText",
                    "inlineLink": "HvTypography-inlineLink",
                    "lTitle": "HvTypography-lTitle",
                    "labelText": "HvTypography-labelText",
                    "mTitle": "HvTypography-mTitle",
                    "normalText": "HvTypography-normalText",
                    "placeholderText": "HvTypography-placeholderText",
                    "root": "HvTypography-root",
                    "sLink": "HvTypography-sLink",
                    "sText": "HvTypography-sText",
                    "sTitle": "HvTypography-sTitle",
                    "selectedNavText": "HvTypography-selectedNavText",
                    "selectedText": "HvTypography-selectedText",
                    "vizText": "HvTypography-vizText",
                    "xlTitle": "HvTypography-xlTitle",
                    "xsTitle": "HvTypography-xsTitle",
                    "xxlTitle": "HvTypography-xxlTitle",
                    "xxsTitle": "HvTypography-xxsTitle",
                  }
                }
                variant="mTitle"
              >
                <h3
                  className="HvTypography-root HvTypography-mTitle"
                >
                  Simple Vertical Bar Chart
                </h3>
              </ForwardRef>
            </WithStyles(ForwardRef)>
            <div
              className="HvChart-subtitle"
            >
              <WithStyles(ForwardRef)
                variant="sText"
              >
                <ForwardRef
                  classes={
                    Object {
                      "3xlTitle": "HvTypography-3xlTitle",
                      "4xlTitle": "HvTypography-4xlTitle",
                      "5xlTitle": "HvTypography-5xlTitle",
                      "disabledButtonText": "HvTypography-disabledButtonText",
                      "highlightText": "HvTypography-highlightText",
                      "infoText": "HvTypography-infoText",
                      "inlineLink": "HvTypography-inlineLink",
                      "lTitle": "HvTypography-lTitle",
                      "labelText": "HvTypography-labelText",
                      "mTitle": "HvTypography-mTitle",
                      "normalText": "HvTypography-normalText",
                      "placeholderText": "HvTypography-placeholderText",
                      "root": "HvTypography-root",
                      "sLink": "HvTypography-sLink",
                      "sText": "HvTypography-sText",
                      "sTitle": "HvTypography-sTitle",
                      "selectedNavText": "HvTypography-selectedNavText",
                      "selectedText": "HvTypography-selectedText",
                      "vizText": "HvTypography-vizText",
                      "xlTitle": "HvTypography-xlTitle",
                      "xsTitle": "HvTypography-xsTitle",
                      "xxlTitle": "HvTypography-xxlTitle",
                      "xxsTitle": "HvTypography-xxsTitle",
                    }
                  }
                  variant="sText"
                >
                  <p
                    className="HvTypography-root HvTypography-sText"
                  >
                    Sales performance (YTD)
                  </p>
                </ForwardRef>
              </WithStyles(ForwardRef)>
            </div>
          </div>
          <div
            className="HvChart-paddingTop"
            onMouseMove={[Function]}
          >
            <WithStyles(Plot)
              afterPlot={[Function]}
              config={
                Object {
                  "displayModeBar": false,
                  "responsive": true,
                }
              }
              data={
                Array [
                  Object {
                    "hoverinfo": "none",
                    "name": "Sales Target",
                    "type": "bar",
                    "x": Array [
                      "January",
                      "February",
                      "March",
                    ],
                    "y": Array [
                      2300,
                      1000,
                      8500,
                    ],
                  },
                ]
              }
              layout={
                Object {
                  "autosize": true,
                  "bargap": 0.25,
                  "bargroupgap": 0.25,
                  "colorway": Array [
                    "#2DB3E0",
                    "#FF990D",
                    "#D31F6B",
                    "#FFD00A",
                    "#18C38A",
                    "#098CB2",
                    "#EA5B86",
                    "#9B469B",
                    "#F4763D",
                    "#419393",
                    "#58C9DD",
                    "#F8C189",
                    "#528BBF",
                    "#DE64BD",
                    "#73BF9C",
                    "#9672C1",
                    "#EB95AF",
                    "#646A98",
                    "#D88136",
                    "#309B59",
                  ],
                  "legend": Object {
                    "font": Object {
                      "color": "#414141",
                      "family": Array [
                        "'Open Sans'",
                        "Arial",
                        "Helvetica",
                        "sans-serif",
                      ],
                      "size": 10,
                    },
                    "orientation": "h",
                    "x": 1,
                    "xanchor": "right",
                    "y": 1.1,
                    "yanchor": "bottom",
                  },
                  "margin": Object {
                    "b": 50,
                    "l": 50,
                    "pad": 0,
                    "t": 10,
                  },
                  "paper_bgcolor": "#FFFFFF",
                  "plot_bgcolor": "#FFFFFF",
                  "xaxis": Object {
                    "automargin": true,
                    "autorange": true,
                    "fixedrange": true,
                    "gridcolor": "#DEDEDE",
                    "linecolor": "#BCBCBC",
                    "linewidth": 1,
                    "range": Array [
                      -0.5,
                      2.5,
                    ],
                    "showgrid": false,
                    "tickcolor": "#BCBCBC",
                    "tickfont": Object {
                      "color": "#414141",
                      "family": Array [
                        "'Open Sans'",
                        "Arial",
                        "Helvetica",
                        "sans-serif",
                      ],
                      "size": 10,
                    },
                    "ticklen": 2,
                    "title": Object {
                      "font": Object {
                        "color": "#414141",
                        "family": Array [
                          "'Open Sans'",
                          "Arial",
                          "Helvetica",
                          "sans-serif",
                        ],
                        "size": 10,
                      },
                      "text": "Thousands of Dollars ($)",
                    },
                    "type": "category",
                    "zeroline": false,
                  },
                  "yaxis": Object {
                    "automargin": true,
                    "autorange": true,
                    "fixedrange": true,
                    "gridcolor": "#DEDEDE",
                    "linecolor": "#BCBCBC",
                    "linewidth": 1,
                    "range": Array [
                      0,
                      8947.368421052632,
                    ],
                    "showgrid": true,
                    "tickcolor": "#BCBCBC",
                    "tickfont": Object {
                      "color": "#414141",
                      "family": Array [
                        "'Open Sans'",
                        "Arial",
                        "Helvetica",
                        "sans-serif",
                      ],
                      "size": 10,
                    },
                    "ticklen": 2,
                    "title": Object {
                      "font": Object {
                        "color": "#414141",
                        "family": Array [
                          "'Open Sans'",
                          "Arial",
                          "Helvetica",
                          "sans-serif",
                        ],
                        "size": 10,
                      },
                      "text": "Axis description",
                    },
                    "type": "linear",
                    "zeroline": false,
                  },
                }
              }
              onHover={[Function]}
              onUnHover={[Function]}
              title="Simple Vertical Bar Chart"
            >
              <Plot
                afterPlot={[Function]}
                classes={Object {}}
                config={
                  Object {
                    "displayModeBar": false,
                    "responsive": true,
                  }
                }
                data={
                  Array [
                    Object {
                      "hoverinfo": "none",
                      "name": "Sales Target",
                      "type": "bar",
                      "x": Array [
                        "January",
                        "February",
                        "March",
                      ],
                      "y": Array [
                        2300,
                        1000,
                        8500,
                      ],
                    },
                  ]
                }
                layout={
                  Object {
                    "autosize": true,
                    "bargap": 0.25,
                    "bargroupgap": 0.25,
                    "colorway": Array [
                      "#2DB3E0",
                      "#FF990D",
                      "#D31F6B",
                      "#FFD00A",
                      "#18C38A",
                      "#098CB2",
                      "#EA5B86",
                      "#9B469B",
                      "#F4763D",
                      "#419393",
                      "#58C9DD",
                      "#F8C189",
                      "#528BBF",
                      "#DE64BD",
                      "#73BF9C",
                      "#9672C1",
                      "#EB95AF",
                      "#646A98",
                      "#D88136",
                      "#309B59",
                    ],
                    "legend": Object {
                      "font": Object {
                        "color": "#414141",
                        "family": Array [
                          "'Open Sans'",
                          "Arial",
                          "Helvetica",
                          "sans-serif",
                        ],
                        "size": 10,
                      },
                      "orientation": "h",
                      "x": 1,
                      "xanchor": "right",
                      "y": 1.1,
                      "yanchor": "bottom",
                    },
                    "margin": Object {
                      "b": 50,
                      "l": 50,
                      "pad": 0,
                      "t": 10,
                    },
                    "paper_bgcolor": "#FFFFFF",
                    "plot_bgcolor": "#FFFFFF",
                    "xaxis": Object {
                      "automargin": true,
                      "autorange": true,
                      "fixedrange": true,
                      "gridcolor": "#DEDEDE",
                      "linecolor": "#BCBCBC",
                      "linewidth": 1,
                      "range": Array [
                        -0.5,
                        2.5,
                      ],
                      "showgrid": false,
                      "tickcolor": "#BCBCBC",
                      "tickfont": Object {
                        "color": "#414141",
                        "family": Array [
                          "'Open Sans'",
                          "Arial",
                          "Helvetica",
                          "sans-serif",
                        ],
                        "size": 10,
                      },
                      "ticklen": 2,
                      "title": Object {
                        "font": Object {
                          "color": "#414141",
                          "family": Array [
                            "'Open Sans'",
                            "Arial",
                            "Helvetica",
                            "sans-serif",
                          ],
                          "size": 10,
                        },
                        "text": "Thousands of Dollars ($)",
                      },
                      "type": "category",
                      "zeroline": false,
                    },
                    "yaxis": Object {
                      "automargin": true,
                      "autorange": true,
                      "fixedrange": true,
                      "gridcolor": "#DEDEDE",
                      "linecolor": "#BCBCBC",
                      "linewidth": 1,
                      "range": Array [
                        0,
                        8947.368421052632,
                      ],
                      "showgrid": true,
                      "tickcolor": "#BCBCBC",
                      "tickfont": Object {
                        "color": "#414141",
                        "family": Array [
                          "'Open Sans'",
                          "Arial",
                          "Helvetica",
                          "sans-serif",
                        ],
                        "size": 10,
                      },
                      "ticklen": 2,
                      "title": Object {
                        "font": Object {
                          "color": "#414141",
                          "family": Array [
                            "'Open Sans'",
                            "Arial",
                            "Helvetica",
                            "sans-serif",
                          ],
                          "size": 10,
                        },
                        "text": "Axis description",
                      },
                      "type": "linear",
                      "zeroline": false,
                    },
                  }
                }
                onHover={[Function]}
                onUnHover={[Function]}
                title="Simple Vertical Bar Chart"
              >
                <PlotlyComponent
                  classes={Object {}}
                  config={
                    Object {
                      "displayModeBar": false,
                      "responsive": true,
                    }
                  }
                  data={
                    Array [
                      Object {
                        "hoverinfo": "none",
                        "name": "Sales Target",
                        "type": "bar",
                        "x": Array [
                          "January",
                          "February",
                          "March",
                        ],
                        "y": Array [
                          2300,
                          1000,
                          8500,
                        ],
                      },
                    ]
                  }
                  debug={false}
                  layout={
                    Object {
                      "autosize": true,
                      "bargap": 0.25,
                      "bargroupgap": 0.25,
                      "colorway": Array [
                        "#2DB3E0",
                        "#FF990D",
                        "#D31F6B",
                        "#FFD00A",
                        "#18C38A",
                        "#098CB2",
                        "#EA5B86",
                        "#9B469B",
                        "#F4763D",
                        "#419393",
                        "#58C9DD",
                        "#F8C189",
                        "#528BBF",
                        "#DE64BD",
                        "#73BF9C",
                        "#9672C1",
                        "#EB95AF",
                        "#646A98",
                        "#D88136",
                        "#309B59",
                      ],
                      "legend": Object {
                        "font": Object {
                          "color": "#414141",
                          "family": Array [
                            "'Open Sans'",
                            "Arial",
                            "Helvetica",
                            "sans-serif",
                          ],
                          "size": 10,
                        },
                        "orientation": "h",
                        "x": 1,
                        "xanchor": "right",
                        "y": 1.1,
                        "yanchor": "bottom",
                      },
                      "margin": Object {
                        "b": 50,
                        "l": 50,
                        "pad": 0,
                        "t": 10,
                      },
                      "paper_bgcolor": "#FFFFFF",
                      "plot_bgcolor": "#FFFFFF",
                      "xaxis": Object {
                        "automargin": true,
                        "autorange": true,
                        "fixedrange": true,
                        "gridcolor": "#DEDEDE",
                        "linecolor": "#BCBCBC",
                        "linewidth": 1,
                        "range": Array [
                          -0.5,
                          2.5,
                        ],
                        "showgrid": false,
                        "tickcolor": "#BCBCBC",
                        "tickfont": Object {
                          "color": "#414141",
                          "family": Array [
                            "'Open Sans'",
                            "Arial",
                            "Helvetica",
                            "sans-serif",
                          ],
                          "size": 10,
                        },
                        "ticklen": 2,
                        "title": Object {
                          "font": Object {
                            "color": "#414141",
                            "family": Array [
                              "'Open Sans'",
                              "Arial",
                              "Helvetica",
                              "sans-serif",
                            ],
                            "size": 10,
                          },
                          "text": "Thousands of Dollars ($)",
                        },
                        "type": "category",
                        "zeroline": false,
                      },
                      "yaxis": Object {
                        "automargin": true,
                        "autorange": true,
                        "fixedrange": true,
                        "gridcolor": "#DEDEDE",
                        "linecolor": "#BCBCBC",
                        "linewidth": 1,
                        "range": Array [
                          0,
                          8947.368421052632,
                        ],
                        "showgrid": true,
                        "tickcolor": "#BCBCBC",
                        "tickfont": Object {
                          "color": "#414141",
                          "family": Array [
                            "'Open Sans'",
                            "Arial",
                            "Helvetica",
                            "sans-serif",
                          ],
                          "size": 10,
                        },
                        "ticklen": 2,
                        "title": Object {
                          "font": Object {
                            "color": "#414141",
                            "family": Array [
                              "'Open Sans'",
                              "Arial",
                              "Helvetica",
                              "sans-serif",
                            ],
                            "size": 10,
                          },
                          "text": "Axis description",
                        },
                        "type": "linear",
                        "zeroline": false,
                      },
                    }
                  }
                  onAfterPlot={[Function]}
                  onHover={[Function]}
                  onUnhover={[Function]}
                  revision={0}
                  style={
                    Object {
                      "position": "relative",
                    }
                  }
                  title="Simple Vertical Bar Chart"
                  useResizeHandler={false}
                >
                  <div
                    style={
                      Object {
                        "position": "relative",
                      }
                    }
                  />
                </PlotlyComponent>
              </Plot>
            </WithStyles(Plot)>
          </div>
        </div>
      </Chart>
    </WithStyles(Chart)>
  </Barchart>
</WithStyles(Barchart)>
`;
