// Jest Snapshot v1, https://goo.gl/fbAQLP

exports[`UnitTimePicker should render correctly 1`] = `
<div>
  <div
    class="HvTimePickerUnitTimePicker-unitTimeContainer-1"
  >
    <div
      class="HvIconBase-root-7 HvIconBase-xs-8"
      name="DropUpXS"
    >
      <svg
        focusable="false"
        height="12"
        viewBox="0 0 12 12"
        width="12"
        xmlns="http://www.w3.org/2000/svg"
      >
        <path
          class="color0"
          d="M10.6 7.95l-.7.7L6 4.75l-3.9 3.9-.7-.7L6 3.35z"
          fill="#414141"
        />
      </svg>
    </div>
    <div
      class="HvInput-root-12 HvTimePickerUnitTimePicker-inputContainer-5 HvFormElement-root-31"
    >
      <div
        class="HvBaseInput-root-32"
      >
        <div
          class="HvBaseInput-inputRoot-37 HvInput-inputRoot-14 HvTimePickerUnitTimePicker-unitTimeInputRoot-3 MuiInput-root MuiInput-underline MuiInputBase-root MuiInputBase-colorPrimary css-12yeguk-MuiInputBase-root-MuiInput-root"
        >
          <input
            autocomplete="off"
            class="HvBaseInput-input-41 HvInput-input-18 HvTimePickerUnitTimePicker-unitTimeInput-2 MuiInput-input MuiInputBase-input css-16hxuvb-MuiInputBase-input-MuiInput-input"
            max="59"
            min="0"
            required=""
            rows="10"
            type="number"
            value="30"
          />
        </div>
        <div
          class="HvBaseInput-inputBorderContainer-44 HvInput-inputBorderContainer-30 HvTimePickerUnitTimePicker-inputBorderContainer-6"
          role="presentation"
        />
      </div>
    </div>
    <div
      class="HvTimePickerUnitTimePicker-subtractIcon-4 HvIconBase-root-7 HvIconBase-xs-8"
      name="DropDownXS"
    >
      <svg
        focusable="false"
        height="12"
        viewBox="0 0 12 12"
        width="12"
        xmlns="http://www.w3.org/2000/svg"
      >
        <path
          class="color0"
          d="M5.99994 8.65L1.4 4.05l.7-.7L6 7.25l3.9-3.9.7.7z"
          fill="#414141"
        />
      </svg>
    </div>
  </div>
</div>
`;
