// Jest Snapshot v1, https://goo.gl/fbAQLP

exports[`QueryBuilder snapshot matches snapshot 1`] = `
<div>
  <div
    class="RuleGroup-root-13 HvQueryBuilder-root-1 RuleGroup-topGroup-15 HvQueryBuilder-topGroup-2"
  >
    <div
      class="MuiGrid-root MuiGrid-container MuiGrid-spacing-xs-2 css-1yn1ecg-MuiGrid-root"
    >
      <div
        class="MuiGrid-root MuiGrid-item css-13i4rnv-MuiGrid-root"
      >
        <div
          class="RuleGroup-combinator-16 HvQueryBuilder-combinator-4 RuleGroup-topCombinator-17 HvQueryBuilder-topCombinator-5 HvMultiButton-root-25"
        >
          <button
            aria-pressed="true"
            class="HvButton-root-29 MuiButton-root MuiButton-text HvButton-ghost-36 MuiButton-textPrimary MuiButton-sizeMedium MuiButton-textSizeMedium MuiButtonBase-root RuleGroup-combinatorButton-18 HvQueryBuilder-combinatorButton-6 HvMultiButton-button-26 HvMultiButton-selected-27 HvButton-ghostSVG-43 css-fsero8-MuiButtonBase-root-MuiButton-root"
            tabindex="0"
            type="button"
          >
            AND
          </button>
          <button
            aria-pressed="false"
            class="HvButton-root-29 MuiButton-root MuiButton-text HvButton-ghost-36 MuiButton-textPrimary MuiButton-sizeMedium MuiButton-textSizeMedium MuiButtonBase-root RuleGroup-combinatorButton-18 HvQueryBuilder-combinatorButton-6 HvMultiButton-button-26 HvButton-ghostSVG-43 css-fsero8-MuiButtonBase-root-MuiButton-root"
            tabindex="0"
            type="button"
          >
            OR
          </button>
        </div>
      </div>
      <div
        class="MuiGrid-root MuiGrid-item css-13i4rnv-MuiGrid-root"
      >
        <button
          aria-label="Reset query"
          class="HvButton-root-29 MuiButton-root MuiButton-text HvButton-ghost-36 MuiButton-textPrimary MuiButton-sizeMedium MuiButton-textSizeMedium MuiButtonBase-root RuleGroup-removeButton-21 HvQueryBuilder-removeButton-7 RuleGroup-topRemoveButton-22 HvQueryBuilder-topRemoveButton-8 HvButton-icon-30 HvButton-ghostSVG-43 css-fsero8-MuiButtonBase-root-MuiButton-root"
          tabindex="0"
          type="button"
        >
          <div
            class=""
            data-mui-internal-clone-element="true"
            style="overflow: hidden; text-overflow: ellipsis; white-space: nowrap;"
          >
            <div
              class="HvIconBase-root-57 HvIconBase-s-59"
              name="Delete"
            >
              <svg
                focusable="false"
                height="16"
                viewBox="0 0 16 16"
                width="16"
                xmlns="http://www.w3.org/2000/svg"
              >
                <path
                  class="color0"
                  d="M12 1H4V0h8zm4 1v1h-2.1L13 16H3L2.1 3H0V2zm-3 1H3.1L4 15h8.1z"
                  fill="#414141"
                />
              </svg>
            </div>
          </div>
        </button>
      </div>
    </div>
    <div
      class="HvEmptyState-root-62"
    >
      <div
        class="HvEmptyState-container-63"
      >
        <div
          class="HvEmptyState-iconContainer-65"
        >
          <div
            class="HvIconBase-root-57 HvIconBase-s-59"
            name="Info"
          >
            <svg
              focusable="false"
              height="16"
              viewBox="0 0 16 16"
              width="16"
              xmlns="http://www.w3.org/2000/svg"
            >
              <path
                class="color0"
                d="M8 16a8 8 0 118-8 8 8 0 01-8 8zM8 1a6.957 6.957 0 00-7 6.91373Q.99973 7.95687 1 8a6.957 6.957 0 006.91373 7q.04314.00027.08627 0a6.957 6.957 0 007-6.91373Q15.00027 8.04313 15 8a6.957 6.957 0 00-6.91373-7Q8.04313.99973 8 1zm-.5 11h1V6h-1zm0-7h1V4h-1z"
                fill="#414141"
              />
            </svg>
          </div>
        </div>
        <div
          class="HvEmptyState-textContainer-66"
        >
          <div
            class="HvEmptyState-titleContainer-67 HvTypography-root-70 HvTypography-xxsTitle-80"
          >
            No conditions created yet
          </div>
          <div
            class="HvEmptyState-messageContainer-68 HvTypography-root-70 HvTypography-normalText-83"
          >
            <a
              class="HvTypography-root-70 HvTypography-link-85"
              style="cursor: pointer; text-decoration: underline;"
            >
              Create a condition
            </a>
             or a 
            <a
              class="HvTypography-root-70 HvTypography-link-85"
              style="cursor: pointer; text-decoration: underline;"
            >
              condition group
            </a>
          </div>
        </div>
      </div>
    </div>
    <div
      class="MuiGrid-root MuiGrid-container MuiGrid-spacing-xs-2 css-1yn1ecg-MuiGrid-root"
    >
      <div
        class="MuiGrid-root MuiGrid-item RuleGroup-actionButtonContainer-19 HvQueryBuilder-actionButtonContainer-11 RuleGroup-topActionButtonContainer-20 HvQueryBuilder-topActionButtonContainer-12 css-13i4rnv-MuiGrid-root"
      >
        <button
          class="HvButton-root-29 MuiButton-root MuiButton-outlined HvButton-secondary-34 MuiButton-outlinedPrimary MuiButton-sizeMedium MuiButton-outlinedSizeMedium MuiButtonBase-root HvButton-secondarySVG-42 css-ci0f3d-MuiButtonBase-root-MuiButton-root"
          tabindex="0"
          type="button"
        >
          <div
            class="HvIconBase-root-57 HvIconBase-s-59"
            name="Add"
          >
            <svg
              focusable="false"
              height="16"
              viewBox="0 0 16 16"
              width="16"
              xmlns="http://www.w3.org/2000/svg"
            >
              <path
                class="color0"
                d="M16 8.5H8.5V16h-1V8.5H0v-1h7.5V0h1v7.5H16z"
                fill="#414141"
              />
            </svg>
          </div>
          Add condition
        </button>
        <button
          class="HvButton-root-29 MuiButton-root MuiButton-outlined HvButton-secondary-34 MuiButton-outlinedPrimary MuiButton-sizeMedium MuiButton-outlinedSizeMedium MuiButtonBase-root HvButton-secondarySVG-42 css-ci0f3d-MuiButtonBase-root-MuiButton-root"
          tabindex="0"
          type="button"
        >
          <div
            class="HvIconBase-root-57 HvIconBase-s-59"
            name="Add"
          >
            <svg
              focusable="false"
              height="16"
              viewBox="0 0 16 16"
              width="16"
              xmlns="http://www.w3.org/2000/svg"
            >
              <path
                class="color0"
                d="M16 8.5H8.5V16h-1V8.5H0v-1h7.5V0h1v7.5H16z"
                fill="#414141"
              />
            </svg>
          </div>
          Add group
        </button>
      </div>
    </div>
  </div>
</div>
`;
