// Jest Snapshot v1, https://goo.gl/fbAQLP

exports[`InfoMessage should render correctly 1`] = `
<WithStyles(HvInfoMessage)
  id="base"
>
  <HvInfoMessage
    classes={
      Object {
        "gutter": "HvInfoMessage-gutter-28",
        "infoDisabled": "HvInfoMessage-infoDisabled-27",
        "root": "HvInfoMessage-root-26",
      }
    }
    id="base"
  >
    <WithStyles(ForwardRef)
      className="HvInfoMessage-root-26 HvInfoMessage-gutter-28"
      component="label"
      id="base"
      variant="normalText"
    >
      <ForwardRef
        className="HvInfoMessage-root-26 HvInfoMessage-gutter-28"
        classes={
          Object {
            "3xlTitle": "HvTypography-3xlTitle-32",
            "4xlTitle": "HvTypography-4xlTitle-31",
            "5xlTitle": "HvTypography-5xlTitle-30",
            "disabledText": "HvTypography-disabledText-45",
            "highlightText": "HvTypography-highlightText-41",
            "lTitle": "HvTypography-lTitle-35",
            "link": "HvTypography-link-44",
            "mTitle": "HvTypography-mTitle-36",
            "noWrap": "HvTypography-noWrap-50",
            "normalText": "HvTypography-normalText-42",
            "placeholderText": "HvTypography-placeholderText-43",
            "root": "HvTypography-root-29",
            "sTitle": "HvTypography-sTitle-37",
            "sectionTitle": "HvTypography-sectionTitle-40",
            "selectedNavText": "HvTypography-selectedNavText-46",
            "vizText": "HvTypography-vizText-47",
            "vizTextDisabled": "HvTypography-vizTextDisabled-48",
            "xlTitle": "HvTypography-xlTitle-34",
            "xsInlineLink": "HvTypography-xsInlineLink-49",
            "xsTitle": "HvTypography-xsTitle-38",
            "xxlTitle": "HvTypography-xxlTitle-33",
            "xxsTitle": "HvTypography-xxsTitle-39",
          }
        }
        component="label"
        id="base"
        variant="normalText"
      >
        <label
          className="HvInfoMessage-root-26 HvInfoMessage-gutter-28 HvTypography-root-29 HvTypography-normalText-42"
          id="base"
        >
          test
        </label>
      </ForwardRef>
    </WithStyles(ForwardRef)>
  </HvInfoMessage>
</WithStyles(HvInfoMessage)>
`;
