// Jest Snapshot v1, https://goo.gl/fbAQLP

exports[`Timepicker snapshot tests Main 1`] = `
<div>
  <div
    class="HvFormElement-root-19 HvTimePicker-formElementRoot-12"
    id="custom"
    locale="en-US"
  >
    <div
      class="HvTimePicker-labelContainer-6"
    >
      <label
        class="HvTimePicker-label-9 HvLabel-root-20 HvTypography-root-23 HvTypography-highlightText-35"
        id="custom-label"
      >
        Time
      </label>
    </div>
    <div
      class="HvBaseDropdown-root-45"
    >
      <div
        aria-expanded="false"
        aria-haspopup="dialog"
        aria-labelledby="custom-label"
        class="HvBaseDropdown-anchor-46"
        id="custom-timepicker-dropdown"
        role="combobox"
        tabindex="-1"
      >
        <div
          aria-labelledby="custom-label"
          class="HvBaseDropdown-header-50"
          id="custom-timepicker-dropdown-header"
          role="textbox"
          tabindex="0"
        >
          <div
            class="HvBaseDropdown-selection-56"
          >
            <p
              class="HvBaseDropdown-placeholder-57 HvTimePicker-dropdownPlaceholder-15 HvTypography-root-23 HvTypography-placeholderText-37 HvTypography-noWrap-44"
            >
              02:35:45 PM
            </p>
          </div>
          <div
            class="HvTimePicker-iconBaseRoot-13 HvIconBase-root-65 HvIconBase-s-67"
            name="Time"
          >
            <svg
              focusable="false"
              height="16"
              viewBox="0 0 16 16"
              width="16"
              xmlns="http://www.w3.org/2000/svg"
            >
              <path
                class="color0"
                d="M8 15a7.023 7.023 0 10-4.943-2.057A6.953 6.953 0 008 15m0 1a8 8 0 118-8 8 8 0 01-8 8zm2.646-4.646L7.5 8.207V3h1v4.793l2.854 2.854z"
                fill="#414141"
              />
            </svg>
          </div>
        </div>
      </div>
    </div>
  </div>
</div>
`;
