// Jest Snapshot v1, https://goo.gl/fbAQLP

exports[`DatePicker withStyles should render correctly 1`] = `
<HvDatePicker
  classes={
    Object {
      "label": "HvDatePicker-label-2",
      "reset": "HvDatePicker-reset-3",
      "wrapper": "HvDatePicker-wrapper-1",
    }
  }
  disabled={false}
  hideReset={false}
  label=""
  onChange={[Function]}
  value={null}
/>
`;
