// Jest Snapshot v1, https://goo.gl/fbAQLP

exports[`v3 <Navigation /> should render correctly 1`] = `
<WithStyles(Navigation)
  id="id1"
  navigationText="Navigation text"
  onNavigateNext={[MockFunction]}
  onNavigatePrevious={[MockFunction]}
  onTextClick={[MockFunction]}
>
  <Navigation
    classes={
      Object {
        "disabled": "HvCalendarNavigation-disabled",
        "icon": "HvCalendarNavigation-icon",
        "root": "HvCalendarNavigation-root",
        "text": "HvCalendarNavigation-text",
        "textWithoutHover": "HvCalendarNavigation-textWithoutHover",
      }
    }
    id="id1"
    navigationText="Navigation text"
    onNavigateNext={[MockFunction]}
    onNavigatePrevious={[MockFunction]}
    onTextClick={[MockFunction]}
  >
    <div
      className="HvCalendarNavigation-root"
    >
      <DropLeftXS
        className="HvCalendarNavigation-icon"
        id="id1-left"
        onClick={[Function]}
        onKeyDown={[Function]}
        tabIndex={0}
      >
        <WithStyles(HvIconBase)
          className="HvCalendarNavigation-icon"
          iconSize="XS"
          id="id1-left"
          name="DropLeftXS"
          onClick={[Function]}
          onKeyDown={[Function]}
          tabIndex={0}
        >
          <HvIconBase
            className="HvCalendarNavigation-icon"
            classes={
              Object {
                "l": "HvIconBase-l",
                "m": "HvIconBase-m",
                "root": "HvIconBase-root",
                "s": "HvIconBase-s",
                "xs": "HvIconBase-xs",
              }
            }
            iconSize="XS"
            id="id1-left"
            name="DropLeftXS"
            onClick={[Function]}
            onKeyDown={[Function]}
            tabIndex={0}
          >
            <div
              className="HvCalendarNavigation-icon HvIconBase-root HvIconBase-xs"
              id="id1-left"
              name="DropLeftXS"
              onClick={[Function]}
              onKeyDown={[Function]}
              tabIndex={0}
            >
              <svg
                focusable={false}
                height={12}
                viewBox="0 0 12 12"
                width={12}
                xmlns="http://www.w3.org/2000/svg"
              >
                <path
                  className="color0"
                  d="M3.35 5.99994l4.6-4.6.7.7L4.75 6l3.9 3.9-.7.7z"
                  fill="#414141"
                />
              </svg>
            </div>
          </HvIconBase>
        </WithStyles(HvIconBase)>
      </DropLeftXS>
      <div
        className="HvCalendarNavigation-text"
        id="id1"
        onClick={[MockFunction]}
        onKeyDown={[Function]}
        role="presentation"
        tabIndex={0}
      >
        <WithStyles(ForwardRef)
          variant="normalText"
        >
          <ForwardRef
            classes={
              Object {
                "3xlTitle": "HvTypography-3xlTitle",
                "4xlTitle": "HvTypography-4xlTitle",
                "5xlTitle": "HvTypography-5xlTitle",
                "disabledText": "HvTypography-disabledText",
                "highlightText": "HvTypography-highlightText",
                "lTitle": "HvTypography-lTitle",
                "link": "HvTypography-link",
                "mTitle": "HvTypography-mTitle",
                "noWrap": "HvTypography-noWrap",
                "normalText": "HvTypography-normalText",
                "placeholderText": "HvTypography-placeholderText",
                "root": "HvTypography-root",
                "sTitle": "HvTypography-sTitle",
                "sectionTitle": "HvTypography-sectionTitle",
                "selectedNavText": "HvTypography-selectedNavText",
                "vizText": "HvTypography-vizText",
                "vizTextDisabled": "HvTypography-vizTextDisabled",
                "xlTitle": "HvTypography-xlTitle",
                "xsInlineLink": "HvTypography-xsInlineLink",
                "xsTitle": "HvTypography-xsTitle",
                "xxlTitle": "HvTypography-xxlTitle",
                "xxsTitle": "HvTypography-xxsTitle",
              }
            }
            variant="normalText"
          >
            <p
              className="HvTypography-root HvTypography-normalText"
            >
              Navigation text
            </p>
          </ForwardRef>
        </WithStyles(ForwardRef)>
      </div>
      <DropRightXS
        className="HvCalendarNavigation-icon"
        id="id1-right"
        onClick={[Function]}
        onKeyDown={[Function]}
        tabIndex={0}
      >
        <WithStyles(HvIconBase)
          className="HvCalendarNavigation-icon"
          iconSize="XS"
          id="id1-right"
          name="DropRightXS"
          onClick={[Function]}
          onKeyDown={[Function]}
          tabIndex={0}
        >
          <HvIconBase
            className="HvCalendarNavigation-icon"
            classes={
              Object {
                "l": "HvIconBase-l",
                "m": "HvIconBase-m",
                "root": "HvIconBase-root",
                "s": "HvIconBase-s",
                "xs": "HvIconBase-xs",
              }
            }
            iconSize="XS"
            id="id1-right"
            name="DropRightXS"
            onClick={[Function]}
            onKeyDown={[Function]}
            tabIndex={0}
          >
            <div
              className="HvCalendarNavigation-icon HvIconBase-root HvIconBase-xs"
              id="id1-right"
              name="DropRightXS"
              onClick={[Function]}
              onKeyDown={[Function]}
              tabIndex={0}
            >
              <svg
                focusable={false}
                height={12}
                viewBox="0 0 12 12"
                width={12}
                xmlns="http://www.w3.org/2000/svg"
              >
                <path
                  className="color0"
                  d="M4.05 10.6l-.7-.7L7.25 6l-3.9-3.9.7-.7L8.65 6z"
                  fill="#414141"
                />
              </svg>
            </div>
          </HvIconBase>
        </WithStyles(HvIconBase)>
      </DropRightXS>
    </div>
  </Navigation>
</WithStyles(Navigation)>
`;
