// Jest Snapshot v1, https://goo.gl/fbAQLP

exports[`Kpi should render correctly 1`] = `
<WithStyles(WithLabels)
  labels={
    Object {
      "comparisonIndicatorInfo": "vs last 24h.",
      "indicator": "8.85",
      "title": "Avg. service time",
      "unit": "MS",
    }
  }
>
  <WithLabels
    classes={
      Object {
        "comparisonComposition": "HvKpi-comparisonComposition",
        "comparisonContainer": "HvKpi-comparisonContainer",
        "indicatorText": "HvKpi-indicatorText",
        "indicatorUnit": "HvKpi-indicatorUnit",
        "indicatorsContainer": "HvKpi-indicatorsContainer",
        "root": "HvKpi-root",
        "spacingToTheRight": "HvKpi-spacingToTheRight",
        "trendLine": "HvKpi-trendLine",
        "visualIndicatorContainer": "HvKpi-visualIndicatorContainer",
      }
    }
    labels={
      Object {
        "comparisonIndicatorInfo": "vs last 24h.",
        "indicator": "8.85",
        "title": "Avg. service time",
        "unit": "MS",
      }
    }
  >
    <HvKpi
      classes={
        Object {
          "comparisonComposition": "HvKpi-comparisonComposition",
          "comparisonContainer": "HvKpi-comparisonContainer",
          "indicatorText": "HvKpi-indicatorText",
          "indicatorUnit": "HvKpi-indicatorUnit",
          "indicatorsContainer": "HvKpi-indicatorsContainer",
          "root": "HvKpi-root",
          "spacingToTheRight": "HvKpi-spacingToTheRight",
          "trendLine": "HvKpi-trendLine",
          "visualIndicatorContainer": "HvKpi-visualIndicatorContainer",
        }
      }
      labels={
        Object {
          "comparisonIndicatorInfo": "vs last 24h.",
          "indicator": "8.85",
          "title": "Avg. service time",
          "unit": "MS",
        }
      }
    >
      <div
        className="HvKpi-root"
      >
        <div>
          <WithStyles(ForwardRef)
            variant="highlightText"
          >
            <ForwardRef
              classes={
                Object {
                  "3xlTitle": "HvTypography-3xlTitle",
                  "4xlTitle": "HvTypography-4xlTitle",
                  "5xlTitle": "HvTypography-5xlTitle",
                  "disabledButtonText": "HvTypography-disabledButtonText",
                  "highlightText": "HvTypography-highlightText",
                  "infoText": "HvTypography-infoText",
                  "inlineLink": "HvTypography-inlineLink",
                  "lTitle": "HvTypography-lTitle",
                  "labelText": "HvTypography-labelText",
                  "mTitle": "HvTypography-mTitle",
                  "normalText": "HvTypography-normalText",
                  "placeholderText": "HvTypography-placeholderText",
                  "root": "HvTypography-root",
                  "sLink": "HvTypography-sLink",
                  "sText": "HvTypography-sText",
                  "sTitle": "HvTypography-sTitle",
                  "selectedNavText": "HvTypography-selectedNavText",
                  "selectedText": "HvTypography-selectedText",
                  "vizText": "HvTypography-vizText",
                  "xlTitle": "HvTypography-xlTitle",
                  "xsTitle": "HvTypography-xsTitle",
                  "xxlTitle": "HvTypography-xxlTitle",
                  "xxsTitle": "HvTypography-xxsTitle",
                }
              }
              variant="highlightText"
            >
              <p
                className="HvTypography-root HvTypography-highlightText"
              >
                Avg. service time
              </p>
            </ForwardRef>
          </WithStyles(ForwardRef)>
        </div>
        <div
          className="HvKpi-indicatorsContainer"
        >
          <WithStyles(ForwardRef)
            className="HvKpi-spacingToTheRight HvKpi-indicatorText"
            variant="lTitle"
          >
            <ForwardRef
              className="HvKpi-spacingToTheRight HvKpi-indicatorText"
              classes={
                Object {
                  "3xlTitle": "HvTypography-3xlTitle",
                  "4xlTitle": "HvTypography-4xlTitle",
                  "5xlTitle": "HvTypography-5xlTitle",
                  "disabledButtonText": "HvTypography-disabledButtonText",
                  "highlightText": "HvTypography-highlightText",
                  "infoText": "HvTypography-infoText",
                  "inlineLink": "HvTypography-inlineLink",
                  "lTitle": "HvTypography-lTitle",
                  "labelText": "HvTypography-labelText",
                  "mTitle": "HvTypography-mTitle",
                  "normalText": "HvTypography-normalText",
                  "placeholderText": "HvTypography-placeholderText",
                  "root": "HvTypography-root",
                  "sLink": "HvTypography-sLink",
                  "sText": "HvTypography-sText",
                  "sTitle": "HvTypography-sTitle",
                  "selectedNavText": "HvTypography-selectedNavText",
                  "selectedText": "HvTypography-selectedText",
                  "vizText": "HvTypography-vizText",
                  "xlTitle": "HvTypography-xlTitle",
                  "xsTitle": "HvTypography-xsTitle",
                  "xxlTitle": "HvTypography-xxlTitle",
                  "xxsTitle": "HvTypography-xxsTitle",
                }
              }
              variant="lTitle"
            >
              <h2
                className="HvKpi-spacingToTheRight HvKpi-indicatorText HvTypography-root HvTypography-lTitle"
              >
                8.85
              </h2>
            </ForwardRef>
          </WithStyles(ForwardRef)>
          <WithStyles(ForwardRef)
            className="HvKpi-indicatorUnit"
            variant="sTitle"
          >
            <ForwardRef
              className="HvKpi-indicatorUnit"
              classes={
                Object {
                  "3xlTitle": "HvTypography-3xlTitle",
                  "4xlTitle": "HvTypography-4xlTitle",
                  "5xlTitle": "HvTypography-5xlTitle",
                  "disabledButtonText": "HvTypography-disabledButtonText",
                  "highlightText": "HvTypography-highlightText",
                  "infoText": "HvTypography-infoText",
                  "inlineLink": "HvTypography-inlineLink",
                  "lTitle": "HvTypography-lTitle",
                  "labelText": "HvTypography-labelText",
                  "mTitle": "HvTypography-mTitle",
                  "normalText": "HvTypography-normalText",
                  "placeholderText": "HvTypography-placeholderText",
                  "root": "HvTypography-root",
                  "sLink": "HvTypography-sLink",
                  "sText": "HvTypography-sText",
                  "sTitle": "HvTypography-sTitle",
                  "selectedNavText": "HvTypography-selectedNavText",
                  "selectedText": "HvTypography-selectedText",
                  "vizText": "HvTypography-vizText",
                  "xlTitle": "HvTypography-xlTitle",
                  "xsTitle": "HvTypography-xsTitle",
                  "xxlTitle": "HvTypography-xxlTitle",
                  "xxsTitle": "HvTypography-xxsTitle",
                }
              }
              variant="sTitle"
            >
              <h4
                className="HvKpi-indicatorUnit HvTypography-root HvTypography-sTitle"
              >
                MS
              </h4>
            </ForwardRef>
          </WithStyles(ForwardRef)>
        </div>
      </div>
    </HvKpi>
  </WithLabels>
</WithStyles(WithLabels)>
`;
