// Jest Snapshot v1, https://goo.gl/fbAQLP

exports[`Breadcrumb withStyles should render correctly 1`] = `
<WithStyles(BreadCrumb)>
  <BreadCrumb
    classes={
      Object {
        "centerContainer": "HvBreadCrumb-centerContainer",
        "link": "HvBreadCrumb-link",
        "orderedList": "HvBreadCrumb-orderedList",
        "root": "HvBreadCrumb-root",
        "separator": "HvBreadCrumb-separator",
        "separatorContainer": "HvBreadCrumb-separatorContainer",
      }
    }
  >
    <nav
      className="HvBreadCrumb-root"
    >
      <ol
        className="HvBreadCrumb-orderedList"
      />
    </nav>
  </BreadCrumb>
</WithStyles(BreadCrumb)>
`;
