// Jest Snapshot v1, https://goo.gl/fbAQLP

exports[`Label should render correctly 1`] = `
<WithStyles(HvLabel)
  label="description"
>
  <HvLabel
    classes={
      Object {
        "childGutter": "HvLabel-childGutter",
        "labelDisabled": "HvLabel-labelDisabled",
        "root": "HvLabel-root",
      }
    }
    label="description"
  >
    <WithStyles(ForwardRef)
      className="HvLabel-root"
      component="label"
      variant="labelText"
    >
      <ForwardRef
        className="HvLabel-root"
        classes={
          Object {
            "3xlTitle": "HvTypography-3xlTitle",
            "4xlTitle": "HvTypography-4xlTitle",
            "5xlTitle": "HvTypography-5xlTitle",
            "disabledButtonText": "HvTypography-disabledButtonText",
            "highlightText": "HvTypography-highlightText",
            "infoText": "HvTypography-infoText",
            "inlineLink": "HvTypography-inlineLink",
            "lTitle": "HvTypography-lTitle",
            "labelText": "HvTypography-labelText",
            "mTitle": "HvTypography-mTitle",
            "normalText": "HvTypography-normalText",
            "placeholderText": "HvTypography-placeholderText",
            "root": "HvTypography-root",
            "sLink": "HvTypography-sLink",
            "sText": "HvTypography-sText",
            "sTitle": "HvTypography-sTitle",
            "selectedNavText": "HvTypography-selectedNavText",
            "selectedText": "HvTypography-selectedText",
            "vizText": "HvTypography-vizText",
            "xlTitle": "HvTypography-xlTitle",
            "xsTitle": "HvTypography-xsTitle",
            "xxlTitle": "HvTypography-xxlTitle",
            "xxsTitle": "HvTypography-xxsTitle",
          }
        }
        component="label"
        variant="labelText"
      >
        <label
          className="HvLabel-root HvTypography-root HvTypography-labelText"
        >
          description
        </label>
      </ForwardRef>
    </WithStyles(ForwardRef)>
  </HvLabel>
</WithStyles(HvLabel)>
`;
