// Jest Snapshot v1, https://goo.gl/fbAQLP

exports[`ProgressBar General 1`] = `
<div>
  <div
    style="display: flex:; flex-direction: column;"
  >
    <div
      style="display: flex; flex-direction: column; justify-content: space-around; align-items: center; width: 400px; margin: 20px auto 40px auto;"
    >
      <p
        class="HvTypography-root-1 HvTypography-highlightText-13"
      >
        Success
      </p>
      <div
        style="width: 400px;"
      >
        <div
          aria-valuemax="100"
          aria-valuemin="0"
          aria-valuenow="0"
          class="HvProgressBar-root-23 HvProgressBar-progress-24"
          role="progressbar"
        >
          <div
            class="HvProgressBar-progressContainer-25"
          >
            <p
              aria-busy="false"
              aria-label="Determinate Progress Bar"
              aria-live="assertive"
              class="HvProgressBar-progressBarLabel-30 HvTypography-root-1 HvTypography-vizText-19"
              style="width: 0%;"
            >
              0%
            </p>
            <div
              class="HvProgressBar-progressBarContainer-26"
            >
              <div
                class="HvProgressBar-progressBar-27"
                style="width: 0%;"
              />
            </div>
          </div>
        </div>
        <div
          style="margin-top: 10px;"
        >
          <button
            class="HvButton-root-31 MuiButton-root MuiButton-contained HvButton-primary-33 MuiButton-containedPrimary MuiButton-sizeMedium MuiButton-containedSizeMedium MuiButtonBase-root HvButton-primarySVG-43 css-1gsq1hj-MuiButtonBase-root-MuiButton-root"
            tabindex="0"
            type="button"
          >
            Start
          </button>
          <button
            class="HvButton-root-31 MuiButton-root MuiButton-contained HvButton-primary-33 MuiButton-containedPrimary MuiButton-sizeMedium MuiButton-containedSizeMedium MuiButtonBase-root HvButton-primarySVG-43 css-1gsq1hj-MuiButtonBase-root-MuiButton-root"
            style="margin-left: 10px;"
            tabindex="0"
            type="button"
          >
            Reset
          </button>
        </div>
      </div>
    </div>
    <div
      style="display: flex; flex-direction: column; justify-content: space-around; align-items: center; width: 400px; margin: auto;"
    >
      <p
        class="HvTypography-root-1 HvTypography-highlightText-13"
      >
        Error
      </p>
      <div
        style="width: 400px;"
      >
        <div
          aria-valuemax="100"
          aria-valuemin="0"
          aria-valuenow="0"
          class="HvProgressBar-root-23 HvProgressBar-progress-24"
          role="progressbar"
        >
          <div
            class="HvProgressBar-progressContainer-25"
          >
            <p
              aria-busy="false"
              aria-label="Determinate Progress Bar"
              class="HvProgressBar-progressBarLabel-30 HvTypography-root-1 HvTypography-vizText-19"
              style="width: 0%;"
            >
              0%
            </p>
            <div
              class="HvProgressBar-progressBarContainer-26"
            >
              <div
                class="HvProgressBar-progressBar-27"
                style="width: 0%;"
              />
            </div>
          </div>
        </div>
        <div
          style="margin-top: 10px;"
        >
          <button
            class="HvButton-root-31 MuiButton-root MuiButton-contained HvButton-primary-33 MuiButton-containedPrimary MuiButton-sizeMedium MuiButton-containedSizeMedium MuiButtonBase-root HvButton-primarySVG-43 css-1gsq1hj-MuiButtonBase-root-MuiButton-root"
            tabindex="0"
            type="button"
          >
            Start
          </button>
          <button
            class="HvButton-root-31 MuiButton-root MuiButton-contained HvButton-primary-33 MuiButton-containedPrimary MuiButton-sizeMedium MuiButton-containedSizeMedium MuiButtonBase-root HvButton-primarySVG-43 css-1gsq1hj-MuiButtonBase-root-MuiButton-root"
            style="margin-left: 10px;"
            tabindex="0"
            type="button"
          >
            Reset
          </button>
        </div>
      </div>
    </div>
  </div>
</div>
`;
