// Jest Snapshot v1, https://goo.gl/fbAQLP

exports[`TextArea Component should render correctly if opened 1`] = `
<WithStyles(WithLabels)
  initialValue="test"
  onChange={[Function]}
  rows={4}
/>
`;

exports[`TextArea withStyles should render correctly 1`] = `<WithStyles(WithLabels) />`;
