// Jest Snapshot v1, https://goo.gl/fbAQLP

exports[`[v3] Actions should be able to render 1`] = `
<WithStyles(Actions)>
  <Actions
    classes={
      Object {
        "action": "HvVerticalNavigationActions-action",
        "noIcon": "HvVerticalNavigationActions-noIcon",
        "root": "HvVerticalNavigationActions-root",
      }
    }
  >
    <div
      className="HvVerticalNavigationActions-root"
    >
      <WithStyles(Action)
        icon={<Play />}
        label="Action 1"
      >
        <Action
          classes={
            Object {
              "action": "HvVerticalNavigationAction-action",
              "noIcon": "HvVerticalNavigationAction-noIcon",
              "root": "HvVerticalNavigationAction-root",
            }
          }
          icon={<Play />}
          label="Action 1"
        >
          <WithStyles(ForwardRef)
            className="HvVerticalNavigationAction-action"
            component="div"
            onKeyDown={[Function]}
            role="button"
            tabIndex={0}
          >
            <ForwardRef
              className="HvVerticalNavigationAction-action"
              classes={
                Object {
                  "3xlTitle": "HvTypography-3xlTitle",
                  "4xlTitle": "HvTypography-4xlTitle",
                  "5xlTitle": "HvTypography-5xlTitle",
                  "disabledText": "HvTypography-disabledText",
                  "highlightText": "HvTypography-highlightText",
                  "lTitle": "HvTypography-lTitle",
                  "link": "HvTypography-link",
                  "mTitle": "HvTypography-mTitle",
                  "normalText": "HvTypography-normalText",
                  "placeholderText": "HvTypography-placeholderText",
                  "root": "HvTypography-root",
                  "sTitle": "HvTypography-sTitle",
                  "sectionTitle": "HvTypography-sectionTitle",
                  "selectedNavText": "HvTypography-selectedNavText",
                  "vizText": "HvTypography-vizText",
                  "vizTextDisabled": "HvTypography-vizTextDisabled",
                  "xlTitle": "HvTypography-xlTitle",
                  "xsInlineLink": "HvTypography-xsInlineLink",
                  "xsTitle": "HvTypography-xsTitle",
                  "xxlTitle": "HvTypography-xxlTitle",
                  "xxsTitle": "HvTypography-xxsTitle",
                }
              }
              component="div"
              onKeyDown={[Function]}
              role="button"
              tabIndex={0}
            >
              <div
                className="HvVerticalNavigationAction-action HvTypography-root HvTypography-normalText"
                onKeyDown={[Function]}
                role="button"
                tabIndex={0}
              >
                <Play>
                  <WithStyles(HvIconBase)
                    iconSize="S"
                    name="Play"
                  >
                    <HvIconBase
                      classes={
                        Object {
                          "l": "HvIconBase-l",
                          "m": "HvIconBase-m",
                          "root": "HvIconBase-root",
                          "s": "HvIconBase-s",
                          "xs": "HvIconBase-xs",
                        }
                      }
                      iconSize="S"
                      name="Play"
                    >
                      <div
                        className="HvIconBase-root HvIconBase-s"
                        name="Play"
                      >
                        <svg
                          focusable={false}
                          height={16}
                          viewBox="0 0 16 16"
                          width={16}
                          xmlns="http://www.w3.org/2000/svg"
                        >
                          <path
                            className="color0"
                            d="M12.984 8L2 1.723v12.554L12.984 8M15 8L1 16V0z"
                            fill="#414141"
                          />
                        </svg>
                      </div>
                    </HvIconBase>
                  </WithStyles(HvIconBase)>
                </Play>
                Action 1
              </div>
            </ForwardRef>
          </WithStyles(ForwardRef)>
        </Action>
      </WithStyles(Action)>
      <WithStyles(Action)
        label="Action 2"
      >
        <Action
          classes={
            Object {
              "action": "HvVerticalNavigationAction-action",
              "noIcon": "HvVerticalNavigationAction-noIcon",
              "root": "HvVerticalNavigationAction-root",
            }
          }
          label="Action 2"
        >
          <WithStyles(ForwardRef)
            className="HvVerticalNavigationAction-action HvVerticalNavigationAction-noIcon"
            component="div"
            onKeyDown={[Function]}
            role="button"
            tabIndex={0}
          >
            <ForwardRef
              className="HvVerticalNavigationAction-action HvVerticalNavigationAction-noIcon"
              classes={
                Object {
                  "3xlTitle": "HvTypography-3xlTitle",
                  "4xlTitle": "HvTypography-4xlTitle",
                  "5xlTitle": "HvTypography-5xlTitle",
                  "disabledText": "HvTypography-disabledText",
                  "highlightText": "HvTypography-highlightText",
                  "lTitle": "HvTypography-lTitle",
                  "link": "HvTypography-link",
                  "mTitle": "HvTypography-mTitle",
                  "normalText": "HvTypography-normalText",
                  "placeholderText": "HvTypography-placeholderText",
                  "root": "HvTypography-root",
                  "sTitle": "HvTypography-sTitle",
                  "sectionTitle": "HvTypography-sectionTitle",
                  "selectedNavText": "HvTypography-selectedNavText",
                  "vizText": "HvTypography-vizText",
                  "vizTextDisabled": "HvTypography-vizTextDisabled",
                  "xlTitle": "HvTypography-xlTitle",
                  "xsInlineLink": "HvTypography-xsInlineLink",
                  "xsTitle": "HvTypography-xsTitle",
                  "xxlTitle": "HvTypography-xxlTitle",
                  "xxsTitle": "HvTypography-xxsTitle",
                }
              }
              component="div"
              onKeyDown={[Function]}
              role="button"
              tabIndex={0}
            >
              <div
                className="HvVerticalNavigationAction-action HvVerticalNavigationAction-noIcon HvTypography-root HvTypography-normalText"
                onKeyDown={[Function]}
                role="button"
                tabIndex={0}
              >
                Action 2
              </div>
            </ForwardRef>
          </WithStyles(ForwardRef)>
        </Action>
      </WithStyles(Action)>
      <WithStyles(Action)
        icon={<Stop />}
        label="Action 3"
      >
        <Action
          classes={
            Object {
              "action": "HvVerticalNavigationAction-action",
              "noIcon": "HvVerticalNavigationAction-noIcon",
              "root": "HvVerticalNavigationAction-root",
            }
          }
          icon={<Stop />}
          label="Action 3"
        >
          <WithStyles(ForwardRef)
            className="HvVerticalNavigationAction-action"
            component="div"
            onKeyDown={[Function]}
            role="button"
            tabIndex={0}
          >
            <ForwardRef
              className="HvVerticalNavigationAction-action"
              classes={
                Object {
                  "3xlTitle": "HvTypography-3xlTitle",
                  "4xlTitle": "HvTypography-4xlTitle",
                  "5xlTitle": "HvTypography-5xlTitle",
                  "disabledText": "HvTypography-disabledText",
                  "highlightText": "HvTypography-highlightText",
                  "lTitle": "HvTypography-lTitle",
                  "link": "HvTypography-link",
                  "mTitle": "HvTypography-mTitle",
                  "normalText": "HvTypography-normalText",
                  "placeholderText": "HvTypography-placeholderText",
                  "root": "HvTypography-root",
                  "sTitle": "HvTypography-sTitle",
                  "sectionTitle": "HvTypography-sectionTitle",
                  "selectedNavText": "HvTypography-selectedNavText",
                  "vizText": "HvTypography-vizText",
                  "vizTextDisabled": "HvTypography-vizTextDisabled",
                  "xlTitle": "HvTypography-xlTitle",
                  "xsInlineLink": "HvTypography-xsInlineLink",
                  "xsTitle": "HvTypography-xsTitle",
                  "xxlTitle": "HvTypography-xxlTitle",
                  "xxsTitle": "HvTypography-xxsTitle",
                }
              }
              component="div"
              onKeyDown={[Function]}
              role="button"
              tabIndex={0}
            >
              <div
                className="HvVerticalNavigationAction-action HvTypography-root HvTypography-normalText"
                onKeyDown={[Function]}
                role="button"
                tabIndex={0}
              >
                <Stop>
                  <WithStyles(HvIconBase)
                    iconSize="S"
                    name="Stop"
                  >
                    <HvIconBase
                      classes={
                        Object {
                          "l": "HvIconBase-l",
                          "m": "HvIconBase-m",
                          "root": "HvIconBase-root",
                          "s": "HvIconBase-s",
                          "xs": "HvIconBase-xs",
                        }
                      }
                      iconSize="S"
                      name="Stop"
                    >
                      <div
                        className="HvIconBase-root HvIconBase-s"
                        name="Stop"
                      >
                        <svg
                          focusable={false}
                          height={16}
                          viewBox="0 0 16 16"
                          width={16}
                          xmlns="http://www.w3.org/2000/svg"
                        >
                          <path
                            className="color0"
                            d="M14 14H2V2h12zM3 13h10V3H3z"
                            fill="#414141"
                          />
                        </svg>
                      </div>
                    </HvIconBase>
                  </WithStyles(HvIconBase)>
                </Stop>
                Action 3
              </div>
            </ForwardRef>
          </WithStyles(ForwardRef)>
        </Action>
      </WithStyles(Action)>
    </div>
  </Actions>
</WithStyles(Actions)>
`;
