// Jest Snapshot v1, https://goo.gl/fbAQLP

exports[`VerticalContainer withStyles should render correctly 1`] = `
<WithStyles(VerticalContainer)>
  <div
    id="test_div"
  />
</WithStyles(VerticalContainer)>
`;
